// Jest Snapshot v1, https://goo.gl/fbAQLP

exports[`CssButton base snapshot 1`] = `
<div>
  <div
    class="CssButton"
  >
    <button
      class="CssButton__button"
    >
      CssButton
    </button>
    <div
      class="CssButton__text CssButton__text_closed"
    >
      Test
    </div>
    <div
      class="CssButton__text CssButton__text_closed"
    >
      Test
    </div>
  </div>
</div>
`;
